2017-11-15 09:29:11,578 INFO  (StartupInfoLogger.java:48) - Starting LoggerApplication on PC-201708071737 with PID 14044 (D:\project\logger\target\classes started by 文洁 in D:\project\logger)
2017-11-15 09:29:11,591 INFO  (SpringApplication.java:597) - The following profiles are active: dev
2017-11-15 09:29:11,676 INFO  (AbstractApplicationContext.java:583) - Refreshing org.springframework.boot.context.embedded.AnnotationConfigEmbeddedWebApplicationContext@3c9754d8: startup date [Wed Nov 15 09:29:11 CST 2017]; root of context hierarchy
2017-11-15 09:29:11,962 INFO  (Version.java:30) - HV000001: Hibernate Validator 5.3.5.Final
2017-11-15 09:29:13,183 INFO  (TomcatEmbeddedServletContainer.java:89) - Tomcat initialized with port(s): 8080 (http)
2017-11-15 09:29:13,193 INFO  (DirectJDKLog.java:179) - Starting service [Tomcat]
2017-11-15 09:29:13,194 INFO  (DirectJDKLog.java:179) - Starting Servlet Engine: Apache Tomcat/8.5.23
2017-11-15 09:29:13,281 INFO  (DirectJDKLog.java:179) - Initializing Spring embedded WebApplicationContext
2017-11-15 09:29:13,281 INFO  (EmbeddedWebApplicationContext.java:276) - Root WebApplicationContext: initialization completed in 1610 ms
2017-11-15 09:29:13,384 INFO  (ServletRegistrationBean.java:190) - Mapping servlet: 'dispatcherServlet' to [/]
2017-11-15 09:29:13,387 INFO  (AbstractFilterRegistrationBean.java:258) - Mapping filter: 'characterEncodingFilter' to: [/*]
2017-11-15 09:29:13,387 INFO  (AbstractFilterRegistrationBean.java:258) - Mapping filter: 'hiddenHttpMethodFilter' to: [/*]
2017-11-15 09:29:13,387 INFO  (AbstractFilterRegistrationBean.java:258) - Mapping filter: 'httpPutFormContentFilter' to: [/*]
2017-11-15 09:29:13,388 INFO  (AbstractFilterRegistrationBean.java:258) - Mapping filter: 'requestContextFilter' to: [/*]
2017-11-15 09:29:13,653 INFO  (RequestMappingHandlerAdapter.java:534) - Looking for @ControllerAdvice: org.springframework.boot.context.embedded.AnnotationConfigEmbeddedWebApplicationContext@3c9754d8: startup date [Wed Nov 15 09:29:11 CST 2017]; root of context hierarchy
2017-11-15 09:29:13,717 INFO  (AbstractHandlerMethodMapping.java:543) - Mapped "{[/logger/output],methods=[GET]}" onto public void com.jill.logger.LogProducer.LogController.writeLog()
2017-11-15 09:29:13,720 INFO  (AbstractHandlerMethodMapping.java:543) - Mapped "{[/error]}" onto public org.springframework.http.ResponseEntity<java.util.Map<java.lang.String, java.lang.Object>> org.springframework.boot.autoconfigure.web.BasicErrorController.error(javax.servlet.http.HttpServletRequest)
2017-11-15 09:29:13,721 INFO  (AbstractHandlerMethodMapping.java:543) - Mapped "{[/error],produces=[text/html]}" onto public org.springframework.web.servlet.ModelAndView org.springframework.boot.autoconfigure.web.BasicErrorController.errorHtml(javax.servlet.http.HttpServletRequest,javax.servlet.http.HttpServletResponse)
2017-11-15 09:29:13,743 INFO  (AbstractUrlHandlerMapping.java:362) - Mapped URL path [/webjars/**] onto handler of type [class org.springframework.web.servlet.resource.ResourceHttpRequestHandler]
2017-11-15 09:29:13,743 INFO  (AbstractUrlHandlerMapping.java:362) - Mapped URL path [/**] onto handler of type [class org.springframework.web.servlet.resource.ResourceHttpRequestHandler]
2017-11-15 09:29:13,778 INFO  (AbstractUrlHandlerMapping.java:362) - Mapped URL path [/**/favicon.ico] onto handler of type [class org.springframework.web.servlet.resource.ResourceHttpRequestHandler]
2017-11-15 09:29:13,887 INFO  (MBeanExporter.java:431) - Registering beans for JMX exposure on startup
2017-11-15 09:29:13,906 INFO  (DirectJDKLog.java:179) - Initializing ProtocolHandler ["http-nio-8080"]
2017-11-15 09:29:13,914 INFO  (DirectJDKLog.java:179) - Starting ProtocolHandler ["http-nio-8080"]
2017-11-15 09:29:13,923 INFO  (DirectJDKLog.java:179) - Using a shared selector for servlet write/read
2017-11-15 09:29:13,940 INFO  (TomcatEmbeddedServletContainer.java:201) - Tomcat started on port(s): 8080 (http)
2017-11-15 09:29:13,943 INFO  (StartupInfoLogger.java:57) - Started LoggerApplication in 2.759 seconds (JVM running for 4.355)
2017-11-15 09:30:49,884 INFO  (StartupInfoLogger.java:48) - Starting LoggerApplication on PC-201708071737 with PID 19188 (D:\project\logger\target\classes started by 文洁 in D:\project\logger)
2017-11-15 09:30:49,887 INFO  (SpringApplication.java:597) - The following profiles are active: dev
2017-11-15 09:30:49,941 INFO  (AbstractApplicationContext.java:583) - Refreshing org.springframework.boot.context.embedded.AnnotationConfigEmbeddedWebApplicationContext@3c9754d8: startup date [Wed Nov 15 09:30:49 CST 2017]; root of context hierarchy
2017-11-15 09:30:50,057 INFO  (Version.java:30) - HV000001: Hibernate Validator 5.3.5.Final
2017-11-15 09:30:50,680 INFO  (TomcatEmbeddedServletContainer.java:89) - Tomcat initialized with port(s): 8080 (http)
2017-11-15 09:30:50,687 INFO  (DirectJDKLog.java:179) - Starting service [Tomcat]
2017-11-15 09:30:50,688 INFO  (DirectJDKLog.java:179) - Starting Servlet Engine: Apache Tomcat/8.5.23
2017-11-15 09:30:50,743 INFO  (DirectJDKLog.java:179) - Initializing Spring embedded WebApplicationContext
2017-11-15 09:30:50,744 INFO  (EmbeddedWebApplicationContext.java:276) - Root WebApplicationContext: initialization completed in 806 ms
2017-11-15 09:30:50,841 INFO  (ServletRegistrationBean.java:190) - Mapping servlet: 'dispatcherServlet' to [/]
2017-11-15 09:30:50,844 INFO  (AbstractFilterRegistrationBean.java:258) - Mapping filter: 'characterEncodingFilter' to: [/*]
2017-11-15 09:30:50,844 INFO  (AbstractFilterRegistrationBean.java:258) - Mapping filter: 'hiddenHttpMethodFilter' to: [/*]
2017-11-15 09:30:50,844 INFO  (AbstractFilterRegistrationBean.java:258) - Mapping filter: 'httpPutFormContentFilter' to: [/*]
2017-11-15 09:30:50,845 INFO  (AbstractFilterRegistrationBean.java:258) - Mapping filter: 'requestContextFilter' to: [/*]
2017-11-15 09:30:51,063 INFO  (RequestMappingHandlerAdapter.java:534) - Looking for @ControllerAdvice: org.springframework.boot.context.embedded.AnnotationConfigEmbeddedWebApplicationContext@3c9754d8: startup date [Wed Nov 15 09:30:49 CST 2017]; root of context hierarchy
2017-11-15 09:30:51,098 INFO  (AbstractHandlerMethodMapping.java:543) - Mapped "{[/logger/output],methods=[GET]}" onto public void com.jill.logger.LogProducer.LogController.writeLog()
2017-11-15 09:30:51,101 INFO  (AbstractHandlerMethodMapping.java:543) - Mapped "{[/error]}" onto public org.springframework.http.ResponseEntity<java.util.Map<java.lang.String, java.lang.Object>> org.springframework.boot.autoconfigure.web.BasicErrorController.error(javax.servlet.http.HttpServletRequest)
2017-11-15 09:30:51,102 INFO  (AbstractHandlerMethodMapping.java:543) - Mapped "{[/error],produces=[text/html]}" onto public org.springframework.web.servlet.ModelAndView org.springframework.boot.autoconfigure.web.BasicErrorController.errorHtml(javax.servlet.http.HttpServletRequest,javax.servlet.http.HttpServletResponse)
2017-11-15 09:30:51,118 INFO  (AbstractUrlHandlerMapping.java:362) - Mapped URL path [/webjars/**] onto handler of type [class org.springframework.web.servlet.resource.ResourceHttpRequestHandler]
2017-11-15 09:30:51,119 INFO  (AbstractUrlHandlerMapping.java:362) - Mapped URL path [/**] onto handler of type [class org.springframework.web.servlet.resource.ResourceHttpRequestHandler]
2017-11-15 09:30:51,142 INFO  (AbstractUrlHandlerMapping.java:362) - Mapped URL path [/**/favicon.ico] onto handler of type [class org.springframework.web.servlet.resource.ResourceHttpRequestHandler]
2017-11-15 09:30:51,222 INFO  (MBeanExporter.java:431) - Registering beans for JMX exposure on startup
2017-11-15 09:30:51,232 INFO  (DirectJDKLog.java:179) - Initializing ProtocolHandler ["http-nio-8080"]
2017-11-15 09:30:51,237 INFO  (DirectJDKLog.java:179) - Starting ProtocolHandler ["http-nio-8080"]
2017-11-15 09:30:51,245 INFO  (DirectJDKLog.java:179) - Using a shared selector for servlet write/read
2017-11-15 09:30:51,256 INFO  (TomcatEmbeddedServletContainer.java:201) - Tomcat started on port(s): 8080 (http)
2017-11-15 09:30:51,259 INFO  (StartupInfoLogger.java:57) - Started LoggerApplication in 1.666 seconds (JVM running for 2.253)
